Release 12.4 - xst M.81d (lin64)
Copyright (c) 1995-2010 Xilinx, Inc.  All rights reserved.
--> 
Parameter TMPDIR set to tmpdir


Total REAL time to Xst completion: 0.00 secs
Total CPU time to Xst completion: 0.10 secs
 
--> 

TABLE OF CONTENTS
  1) Synthesis Options Summary
  2) HDL Parsing
  3) HDL Elaboration
  4) HDL Synthesis
       4.1) HDL Synthesis Report
  5) Advanced HDL Synthesis
       5.1) Advanced HDL Synthesis Report
  6) Low Level Synthesis
  7) Partition Report
  8) Design Summary
       8.1) Primitive and Black Box Usage
       8.2) Device utilization summary
       8.3) Partition Resource Summary
       8.4) Timing Report
            8.4.1) Clock Information
            8.4.2) Asynchronous Control Signals Information
            8.4.3) Timing Summary
            8.4.4) Timing Details
            8.4.5) Cross Clock Domains Report


=========================================================================
*                      Synthesis Options Summary                        *
=========================================================================
---- Source Parameters
Input File Name                    : "design.prj"

---- Target Parameters
Output File Name                   : "design.ngc"
Target Device                      : xc6slx16-3-csg324

---- Source Options
Top Module Name                    : VGA_lab

=========================================================================

WARNING:Xst:29 - Optimization Effort not specified
The following parameters have been added:
Optimization Goal                  : SPEED

=========================================================================

=========================================================================
*                          HDL Parsing                                  *
=========================================================================
Parsing VHDL file "/edu/johmy592/minesweeper/proj/VGA_stuff/proj-synthdir/xst/synth/../../../VGA_lab.vhd" into library work
Parsing entity <VGA_lab>.
Parsing architecture <Behavioral> of entity <vga_lab>.
Parsing VHDL file "/edu/johmy592/minesweeper/proj/VGA_stuff/proj-synthdir/xst/synth/../../../PICT_MEM.vhd" into library work
Parsing entity <PICT_MEM>.
Parsing architecture <Behavioral> of entity <pict_mem>.
Parsing VHDL file "/edu/johmy592/minesweeper/proj/VGA_stuff/proj-synthdir/xst/synth/../../../VGA_MOTOR.vhd" into library work
Parsing entity <VGA_MOTOR>.
Parsing architecture <Behavioral> of entity <vga_motor>.

=========================================================================
*                            HDL Elaboration                            *
=========================================================================

Elaborating entity <VGA_lab> (architecture <Behavioral>) from library <work>.

Elaborating entity <PICT_MEM> (architecture <Behavioral>) from library <work>.

Elaborating entity <VGA_MOTOR> (architecture <Behavioral>) from library <work>.
WARNING:HDLCompiler:871 - "/edu/johmy592/minesweeper/proj/VGA_stuff/proj-synthdir/xst/synth/../../../VGA_MOTOR.vhd" Line 325: Using initial value "0011" for x_pos since it is never assigned
WARNING:HDLCompiler:871 - "/edu/johmy592/minesweeper/proj/VGA_stuff/proj-synthdir/xst/synth/../../../VGA_MOTOR.vhd" Line 326: Using initial value "0111" for y_pos since it is never assigned

=========================================================================
*                           HDL Synthesis                               *
=========================================================================

Synthesizing Unit <VGA_lab>.
    Related source file is "/edu/johmy592/minesweeper/proj/VGA_stuff/VGA_lab.vhd".
INFO:Xst:3010 - "/edu/johmy592/minesweeper/proj/VGA_stuff/VGA_lab.vhd" line 64: Output port <data_out1> of the instance <U1> is unconnected or connected to loadless signal.
    Summary:
	no macro.
Unit <VGA_lab> synthesized.

Synthesizing Unit <PICT_MEM>.
    Related source file is "/edu/johmy592/minesweeper/proj/VGA_stuff/PICT_MEM.vhd".
    Found 2048x8-bit dual-port RAM <Mram_pictMem> for signal <pictMem>.
    Found 8-bit register for signal <data_out2>.
    Found 8-bit register for signal <data_out1>.
    Summary:
	inferred   1 RAM(s).
	inferred  16 D-type flip-flop(s).
Unit <PICT_MEM> synthesized.

Synthesizing Unit <VGA_MOTOR>.
    Related source file is "/edu/johmy592/minesweeper/proj/VGA_stuff/VGA_MOTOR.vhd".
WARNING:Xst:647 - Input <data<7:5>> is never used. This port will be preserved and left unconnected if it belongs to a top-level block or it belongs to a sub-block and the hierarchy of this sub-block is preserved.
WARNING:Xst:2999 - Signal 'tileMem', unconnected in block 'VGA_MOTOR', is tied to its initial value.
WARNING:Xst:2999 - Signal 'marker_rom', unconnected in block 'VGA_MOTOR', is tied to its initial value.
WARNING:Xst:3035 - Index value(s) does not match array range for signal <tileMem>, simulation mismatch.
    Found 3840x8-bit single-port Read Only RAM <Mram_tileMem> for signal <tileMem>.
    Found 256x8-bit single-port Read Only RAM <Mram_marker_rom> for signal <marker_rom>.
    Found 10-bit register for signal <Xpixel>.
    Found 10-bit register for signal <Ypixel>.
    Found 8-bit register for signal <tilePixel>.
    Found 8-bit register for signal <markerPixel>.
    Found 2-bit register for signal <ClkDiv>.
    Found 2-bit adder for signal <ClkDiv[1]_GND_35_o_add_0_OUT> created at line 1241.
    Found 10-bit adder for signal <Xpixel[9]_GND_35_o_add_5_OUT> created at line 1241.
    Found 10-bit adder for signal <Ypixel[9]_GND_35_o_add_14_OUT> created at line 1241.
    Found 11-bit adder for signal <addr> created at line 425.
    Found 10-bit comparator lessequal for signal <n0010> created at line 364
    Found 10-bit comparator lessequal for signal <n0012> created at line 364
    Found 10-bit comparator lessequal for signal <n0023> created at line 386
    Found 10-bit comparator lessequal for signal <n0025> created at line 386
    Found 10-bit comparator lessequal for signal <n0029> created at line 394
    Found 10-bit comparator lessequal for signal <n0031> created at line 394
    Summary:
	inferred   2 RAM(s).
	inferred   4 Adder/Subtractor(s).
	inferred  38 D-type flip-flop(s).
	inferred   6 Comparator(s).
	inferred   1 Multiplexer(s).
Unit <VGA_MOTOR> synthesized.
RTL-Simplification CPUSTAT: 0.02 
RTL-BasicInf CPUSTAT: 0.13 
RTL-BasicOpt CPUSTAT: 0.01 
RTL-Remain-Bus CPUSTAT: 0.01 

=========================================================================
HDL Synthesis Report

Macro Statistics
# RAMs                                                 : 3
 2048x8-bit dual-port RAM                              : 1
 256x8-bit single-port Read Only RAM                   : 1
 3840x8-bit single-port Read Only RAM                  : 1
# Adders/Subtractors                                   : 4
 10-bit adder                                          : 2
 11-bit adder                                          : 1
 2-bit adder                                           : 1
# Registers                                            : 7
 10-bit register                                       : 2
 2-bit register                                        : 1
 8-bit register                                        : 4
# Comparators                                          : 6
 10-bit comparator lessequal                           : 6
# Multiplexers                                         : 1
 8-bit 2-to-1 multiplexer                              : 1

=========================================================================

=========================================================================
*                       Advanced HDL Synthesis                          *
=========================================================================


Synthesizing (advanced) Unit <PICT_MEM>.
INFO:Xst:3040 - The RAM <Mram_pictMem> will be implemented as a BLOCK RAM, absorbing the following register(s): <data_out1> <data_out2>
    -----------------------------------------------------------------------
    | ram_type           | Block                               |          |
    -----------------------------------------------------------------------
    | Port A                                                              |
    |     aspect ratio   | 2048-word x 8-bit                   |          |
    |     mode           | write-first                         |          |
    |     clkA           | connected to signal <clk>           | rise     |
    |     weA            | connected to signal <GND>           | high     |
    |     addrA          | connected to signal <GND>           |          |
    |     diA            | connected to signal <GND>           |          |
    |     doA            | connected to signal <data_out1>     |          |
    -----------------------------------------------------------------------
    | optimization       | speed                               |          |
    -----------------------------------------------------------------------
    | Port B                                                              |
    |     aspect ratio   | 2048-word x 8-bit                   |          |
    |     mode           | write-first                         |          |
    |     clkB           | connected to signal <clk>           | rise     |
    |     weB            | connected to signal <GND>           | high     |
    |     addrB          | connected to signal <addr2>         |          |
    |     diB            | connected to signal <GND>           |          |
    |     doB            | connected to signal <data_out2>     |          |
    -----------------------------------------------------------------------
    | optimization       | speed                               |          |
    -----------------------------------------------------------------------
Unit <PICT_MEM> synthesized (advanced).

Synthesizing (advanced) Unit <VGA_MOTOR>.
The following registers are absorbed into counter <ClkDiv>: 1 register on signal <ClkDiv>.
The following registers are absorbed into counter <Xpixel>: 1 register on signal <Xpixel>.
The following registers are absorbed into counter <Ypixel>: 1 register on signal <Ypixel>.
INFO:Xst:3040 - The RAM <Mram_tileMem> will be implemented as a BLOCK RAM, absorbing the following register(s): <tilePixel>
    -----------------------------------------------------------------------
    | ram_type           | Block                               |          |
    -----------------------------------------------------------------------
    | Port A                                                              |
    |     aspect ratio   | 3840-word x 8-bit                   |          |
    |     mode           | write-first                         |          |
    |     clkA           | connected to signal <clk>           | rise     |
    |     weA            | connected to signal <GND>           | high     |
    |     addrA          | connected to signal <(data,Ypixel<3:0>,Xpixel<3:0>)> |          |
    |     diA            | connected to signal <GND>           |          |
    |     doA            | connected to signal <tilePixel>     |          |
    |     dorstA         | connected to signal <blank>         | high     |
    | reset value        | 00000000                                       |
    -----------------------------------------------------------------------
    | optimization       | speed                               |          |
    -----------------------------------------------------------------------
INFO:Xst:3040 - The RAM <Mram_marker_rom> will be implemented as a BLOCK RAM, absorbing the following register(s): <markerPixel>
    -----------------------------------------------------------------------
    | ram_type           | Block                               |          |
    -----------------------------------------------------------------------
    | Port A                                                              |
    |     aspect ratio   | 256-word x 8-bit                    |          |
    |     mode           | write-first                         |          |
    |     clkA           | connected to signal <clk>           | rise     |
    |     weA            | connected to signal <GND>           | high     |
    |     addrA          | connected to signal <(Ypixel<3:0>,Xpixel<3:0>)> |          |
    |     diA            | connected to signal <GND>           |          |
    |     doA            | connected to signal <markerPixel>   |          |
    |     dorstA         | connected to internal node          | low      |
    | reset value        | 11111111                                       |
    -----------------------------------------------------------------------
    | optimization       | speed                               |          |
    -----------------------------------------------------------------------
Unit <VGA_MOTOR> synthesized (advanced).

=========================================================================
Advanced HDL Synthesis Report

Macro Statistics
# RAMs                                                 : 3
 2048x8-bit dual-port block RAM                        : 1
 256x8-bit single-port block Read Only RAM             : 1
 3840x8-bit single-port block Read Only RAM            : 1
# Adders/Subtractors                                   : 1
 11-bit adder                                          : 1
# Counters                                             : 3
 10-bit up counter                                     : 2
 2-bit up counter                                      : 1
# Comparators                                          : 6
 10-bit comparator lessequal                           : 6
# Multiplexers                                         : 1
 8-bit 2-to-1 multiplexer                              : 1

=========================================================================

=========================================================================
*                         Low Level Synthesis                           *
=========================================================================

Optimizing unit <VGA_lab> ...

Optimizing unit <VGA_MOTOR> ...

Mapping all equations...
Building and optimizing final netlist ...
Found area constraint ratio of 100 (+ 0) on block VGA_lab, actual ratio is 0.

Final Macro Processing ...

=========================================================================
Final Register Report

Macro Statistics
# Registers                                            : 22
 Flip-Flops                                            : 22

=========================================================================

=========================================================================
*                           Partition Report                            *
=========================================================================

Partition Implementation Status
-------------------------------

  No Partitions were found in this design.

-------------------------------

=========================================================================
*                            Design Summary                             *
=========================================================================

Top Level Output File Name         : design.ngc

Primitive and Black Box Usage:
------------------------------
# BELS                             : 114
#      GND                         : 1
#      INV                         : 4
#      LUT1                        : 18
#      LUT2                        : 3
#      LUT3                        : 12
#      LUT4                        : 13
#      LUT5                        : 2
#      LUT6                        : 22
#      MUXCY                       : 18
#      VCC                         : 1
#      XORCY                       : 20
# FlipFlops/Latches                : 22
#      FD                          : 20
#      FDR                         : 2
# RAMS                             : 4
#      RAMB16BWER                  : 3
#      RAMB8BWER                   : 1
# Clock Buffers                    : 1
#      BUFGP                       : 1
# IO Buffers                       : 11
#      IBUF                        : 1
#      OBUF                        : 10

Device utilization summary:
---------------------------

Selected Device : 6slx16csg324-3 


Slice Logic Utilization: 
 Number of Slice Registers:              22  out of  18224     0%  
 Number of Slice LUTs:                   74  out of   9112     0%  
    Number used as Logic:                74  out of   9112     0%  

Slice Logic Distribution: 
 Number of LUT Flip Flop pairs used:     74
   Number with an unused Flip Flop:      52  out of     74    70%  
   Number with an unused LUT:             0  out of     74     0%  
   Number of fully used LUT-FF pairs:    22  out of     74    29%  
   Number of unique control sets:         2

IO Utilization: 
 Number of IOs:                          12
 Number of bonded IOBs:                  12  out of    232     5%  

Specific Feature Utilization:
 Number of Block RAM/FIFO:                4  out of     32    12%  
    Number using Block RAM only:          4
 Number of BUFG/BUFGCTRLs:                1  out of     16     6%  

---------------------------
Partition Resource Summary:
---------------------------

  No Partitions were found in this design.

---------------------------


=========================================================================
Timing Report

NOTE: THESE TIMING NUMBERS ARE ONLY A SYNTHESIS ESTIMATE.
      FOR ACCURATE TIMING INFORMATION PLEASE REFER TO THE TRACE REPORT
      GENERATED AFTER PLACE-and-ROUTE.

Clock Information:
------------------
-----------------------------------+------------------------+-------+
Clock Signal                       | Clock buffer(FF name)  | Load  |
-----------------------------------+------------------------+-------+
clk                                | BUFGP                  | 26    |
-----------------------------------+------------------------+-------+

Asynchronous Control Signals Information:
----------------------------------------
No asynchronous control signals found in this design

Timing Summary:
---------------
Speed Grade: -3

   Minimum period: 3.982ns (Maximum Frequency: 251.117MHz)
   Minimum input arrival time before clock: 3.698ns
   Maximum output required time after clock: 7.870ns
   Maximum combinational path delay: No path found

Timing Details:
---------------
All values displayed in nanoseconds (ns)

=========================================================================
Timing constraint: Default period analysis for Clock 'clk'
  Clock period: 3.982ns (frequency: 251.117MHz)
  Total number of paths / destination ports: 678 / 65
-------------------------------------------------------------------------
Delay:               3.982ns (Levels of Logic = 3)
  Source:            U2/Xpixel_4 (FF)
  Destination:       U2_Mram_marker_rom (RAM)
  Source Clock:      clk rising
  Destination Clock: clk rising

  Data Path: U2/Xpixel_4 to U2_Mram_marker_rom
                                Gate     Net
    Cell:in->out      fanout   Delay   Delay  Logical Name (Net Name)
    ----------------------------------------  ------------
     FD:C->Q               7   0.447   1.002  U2/Xpixel_4 (U2/Xpixel_4)
     LUT3:I0->O            1   0.205   0.580  U2/Ypixel[7]_Xpixel[7]_AND_9_o_SW0 (N2)
     LUT6:I5->O            1   0.205   0.579  U2/Ypixel[7]_Xpixel[7]_AND_9_o (U2/Ypixel[7]_Xpixel[7]_AND_9_o)
     INV:I->O              1   0.206   0.579  U2_Ypixel[7]_Xpixel[7]_AND_9_o_inv_INV_0 (U2_Ypixel[7]_Xpixel[7]_AND_9_o_inv)
     RAMB8BWER:RSTA            0.180          U2_Mram_marker_rom
    ----------------------------------------
    Total                      3.982ns (1.243ns logic, 2.739ns route)
                                       (31.2% logic, 68.8% route)

=========================================================================
Timing constraint: Default OFFSET IN BEFORE for Clock 'clk'
  Total number of paths / destination ports: 23 / 22
-------------------------------------------------------------------------
Offset:              3.698ns (Levels of Logic = 3)
  Source:            rst (PAD)
  Destination:       U2/Ypixel_9 (FF)
  Destination Clock: clk rising

  Data Path: rst to U2/Ypixel_9
                                Gate     Net
    Cell:in->out      fanout   Delay   Delay  Logical Name (Net Name)
    ----------------------------------------  ------------
     IBUF:I->O             6   1.222   1.109  rst_IBUF (rst_IBUF)
     LUT6:I0->O           10   0.203   0.857  U2/Mcount_Ypixel_val3 (U2/Mcount_Ypixel_val)
     LUT2:I1->O            1   0.205   0.000  U2/Ypixel_0_rstpot1 (U2/Ypixel_0_rstpot1)
     FD:D                      0.102          U2/Ypixel_0
    ----------------------------------------
    Total                      3.698ns (1.732ns logic, 1.966ns route)
                                       (46.8% logic, 53.2% route)

=========================================================================
Timing constraint: Default OFFSET OUT AFTER for Clock 'clk'
  Total number of paths / destination ports: 103 / 10
-------------------------------------------------------------------------
Offset:              7.870ns (Levels of Logic = 4)
  Source:            U2_Mram_marker_rom (RAM)
  Destination:       vgaRed<2> (PAD)
  Source Clock:      clk rising

  Data Path: U2_Mram_marker_rom to vgaRed<2>
                                Gate     Net
    Cell:in->out      fanout   Delay   Delay  Logical Name (Net Name)
    ----------------------------------------  ------------
     RAMB8BWER:CLKAWRCLK->DOADO2    2   1.650   0.845  U2_Mram_marker_rom (U2/markerPixel<2>)
     LUT3:I0->O            1   0.205   0.580  U2/PWR_6_o_markerPixel[7]_equal_35_o<7>_SW0 (N10)
     LUT6:I5->O            8   0.205   1.031  U2/PWR_6_o_markerPixel[7]_equal_35_o<7> (U2/PWR_6_o_markerPixel[7]_equal_35_o)
     LUT3:I0->O            1   0.205   0.579  U2/Mmux_pixel_out11 (vgaBlue_1_OBUF)
     OBUF:I->O                 2.571          vgaBlue_1_OBUF (vgaBlue<1>)
    ----------------------------------------
    Total                      7.870ns (4.836ns logic, 3.035ns route)
                                       (61.4% logic, 38.6% route)

=========================================================================

Cross Clock Domains Report:
--------------------------

Clock to Setup on destination clock clk
---------------+---------+---------+---------+---------+
               | Src:Rise| Src:Fall| Src:Rise| Src:Fall|
Source Clock   |Dest:Rise|Dest:Rise|Dest:Fall|Dest:Fall|
---------------+---------+---------+---------+---------+
clk            |    3.982|         |         |         |
---------------+---------+---------+---------+---------+

=========================================================================


Total REAL time to Xst completion: 5.00 secs
Total CPU time to Xst completion: 4.36 secs
 
--> 


Total memory usage is 460908 kilobytes

Number of errors   :    0 (   0 filtered)
Number of warnings :    7 (   0 filtered)
Number of infos    :    4 (   0 filtered)

